Archive member included to satisfy reference by file (symbol)

/home/andrew/Workspace/Software&Toolchain/gcc-arm-none-eabi-7-2018-q2-update/bin/../lib/gcc/arm-none-eabi/7.3.1/../../../../arm-none-eabi/lib/thumb/v7e-m/libg_nano.a(lib_a-errno.o)
                              ./system/src/newlib/_sbrk.o (__errno)
/home/andrew/Workspace/Software&Toolchain/gcc-arm-none-eabi-7-2018-q2-update/bin/../lib/gcc/arm-none-eabi/7.3.1/../../../../arm-none-eabi/lib/thumb/v7e-m/libg_nano.a(lib_a-impure.o)
                              /home/andrew/Workspace/Software&Toolchain/gcc-arm-none-eabi-7-2018-q2-update/bin/../lib/gcc/arm-none-eabi/7.3.1/../../../../arm-none-eabi/lib/thumb/v7e-m/libg_nano.a(lib_a-errno.o) (_impure_ptr)
/home/andrew/Workspace/Software&Toolchain/gcc-arm-none-eabi-7-2018-q2-update/bin/../lib/gcc/arm-none-eabi/7.3.1/../../../../arm-none-eabi/lib/thumb/v7e-m/libg_nano.a(lib_a-memset.o)
                              ./src/Adafruit_ILI9341.o (memset)
/home/andrew/Workspace/Software&Toolchain/gcc-arm-none-eabi-7-2018-q2-update/bin/../lib/gcc/arm-none-eabi/7.3.1/../../../../arm-none-eabi/lib/thumb/v7e-m/libg_nano.a(lib_a-strlen.o)
                              ./system/src/diag/Trace.o (strlen)
/home/andrew/Workspace/Software&Toolchain/gcc-arm-none-eabi-7-2018-q2-update/bin/../lib/gcc/arm-none-eabi/7.3.1/../../../../arm-none-eabi/lib/thumb/v7e-m/libg_nano.a(lib_a-vsnprintf.o)
                              ./system/src/diag/Trace.o (vsnprintf)
/home/andrew/Workspace/Software&Toolchain/gcc-arm-none-eabi-7-2018-q2-update/bin/../lib/gcc/arm-none-eabi/7.3.1/../../../../arm-none-eabi/lib/thumb/v7e-m/libg_nano.a(lib_a-nano-svfprintf.o)
                              /home/andrew/Workspace/Software&Toolchain/gcc-arm-none-eabi-7-2018-q2-update/bin/../lib/gcc/arm-none-eabi/7.3.1/../../../../arm-none-eabi/lib/thumb/v7e-m/libg_nano.a(lib_a-vsnprintf.o) (_svfprintf_r)
/home/andrew/Workspace/Software&Toolchain/gcc-arm-none-eabi-7-2018-q2-update/bin/../lib/gcc/arm-none-eabi/7.3.1/../../../../arm-none-eabi/lib/thumb/v7e-m/libg_nano.a(lib_a-nano-vfprintf_i.o)
                              /home/andrew/Workspace/Software&Toolchain/gcc-arm-none-eabi-7-2018-q2-update/bin/../lib/gcc/arm-none-eabi/7.3.1/../../../../arm-none-eabi/lib/thumb/v7e-m/libg_nano.a(lib_a-nano-svfprintf.o) (_printf_i)
/home/andrew/Workspace/Software&Toolchain/gcc-arm-none-eabi-7-2018-q2-update/bin/../lib/gcc/arm-none-eabi/7.3.1/../../../../arm-none-eabi/lib/thumb/v7e-m/libg_nano.a(lib_a-memchr.o)
                              /home/andrew/Workspace/Software&Toolchain/gcc-arm-none-eabi-7-2018-q2-update/bin/../lib/gcc/arm-none-eabi/7.3.1/../../../../arm-none-eabi/lib/thumb/v7e-m/libg_nano.a(lib_a-nano-svfprintf.o) (memchr)
/home/andrew/Workspace/Software&Toolchain/gcc-arm-none-eabi-7-2018-q2-update/bin/../lib/gcc/arm-none-eabi/7.3.1/../../../../arm-none-eabi/lib/thumb/v7e-m/libg_nano.a(lib_a-memcpy-stub.o)
                              /home/andrew/Workspace/Software&Toolchain/gcc-arm-none-eabi-7-2018-q2-update/bin/../lib/gcc/arm-none-eabi/7.3.1/../../../../arm-none-eabi/lib/thumb/v7e-m/libg_nano.a(lib_a-nano-svfprintf.o) (memcpy)
/home/andrew/Workspace/Software&Toolchain/gcc-arm-none-eabi-7-2018-q2-update/bin/../lib/gcc/arm-none-eabi/7.3.1/../../../../arm-none-eabi/lib/thumb/v7e-m/libg_nano.a(lib_a-memmove.o)
                              /home/andrew/Workspace/Software&Toolchain/gcc-arm-none-eabi-7-2018-q2-update/bin/../lib/gcc/arm-none-eabi/7.3.1/../../../../arm-none-eabi/lib/thumb/v7e-m/libg_nano.a(lib_a-nano-svfprintf.o) (memmove)
/home/andrew/Workspace/Software&Toolchain/gcc-arm-none-eabi-7-2018-q2-update/bin/../lib/gcc/arm-none-eabi/7.3.1/../../../../arm-none-eabi/lib/thumb/v7e-m/libg_nano.a(lib_a-nano-freer.o)
                              /home/andrew/Workspace/Software&Toolchain/gcc-arm-none-eabi-7-2018-q2-update/bin/../lib/gcc/arm-none-eabi/7.3.1/../../../../arm-none-eabi/lib/thumb/v7e-m/libg_nano.a(lib_a-nano-svfprintf.o) (_free_r)
/home/andrew/Workspace/Software&Toolchain/gcc-arm-none-eabi-7-2018-q2-update/bin/../lib/gcc/arm-none-eabi/7.3.1/../../../../arm-none-eabi/lib/thumb/v7e-m/libg_nano.a(lib_a-nano-mallocr.o)
                              /home/andrew/Workspace/Software&Toolchain/gcc-arm-none-eabi-7-2018-q2-update/bin/../lib/gcc/arm-none-eabi/7.3.1/../../../../arm-none-eabi/lib/thumb/v7e-m/libg_nano.a(lib_a-nano-svfprintf.o) (_malloc_r)
/home/andrew/Workspace/Software&Toolchain/gcc-arm-none-eabi-7-2018-q2-update/bin/../lib/gcc/arm-none-eabi/7.3.1/../../../../arm-none-eabi/lib/thumb/v7e-m/libg_nano.a(lib_a-nano-reallocr.o)
                              /home/andrew/Workspace/Software&Toolchain/gcc-arm-none-eabi-7-2018-q2-update/bin/../lib/gcc/arm-none-eabi/7.3.1/../../../../arm-none-eabi/lib/thumb/v7e-m/libg_nano.a(lib_a-nano-svfprintf.o) (_realloc_r)
/home/andrew/Workspace/Software&Toolchain/gcc-arm-none-eabi-7-2018-q2-update/bin/../lib/gcc/arm-none-eabi/7.3.1/../../../../arm-none-eabi/lib/thumb/v7e-m/libg_nano.a(lib_a-sbrkr.o)
[...]
Memory Configuration

Name             Origin             Length             Attributes
RAM              0x0000000020000000 0x0000000000020000 xrw
CCMRAM           0x0000000010000000 0x0000000000010000 xrw
FLASH            0x0000000008000000 0x0000000000100000 xr
FLASHB1          0x0000000000000000 0x0000000000000000 xr
EXTMEMB0         0x0000000000000000 0x0000000000000000 xr
EXTMEMB1         0x0000000000000000 0x0000000000000000 xr
EXTMEMB2         0x0000000000000000 0x0000000000000000 xr
EXTMEMB3         0x0000000000000000 0x0000000000000000 xr
MEMORY_ARRAY     0x0000000020002000 0x0000000000000020 xrw
*default*        0x0000000000000000 0xffffffffffffffff

Linker script and memory map

LOAD ./system/src/stm32f4-hal/stm32f4xx_hal.o
LOAD ./system/src/stm32f4-hal/stm32f4xx_hal_cortex.o
LOAD ./system/src/stm32f4-hal/stm32f4xx_hal_dfsdm.o
LOAD ./system/src/stm32f4-hal/stm32f4xx_hal_flash.o
LOAD ./system/src/stm32f4-hal/stm32f4xx_hal_gpio.o
LOAD ./system/src/stm32f4-hal/stm32f4xx_hal_iwdg.o
LOAD ./system/src/stm32f4-hal/stm32f4xx_hal_pwr.o
LOAD ./system/src/stm32f4-hal/stm32f4xx_hal_rcc.o
LOAD ./system/src/stm32f4-hal/stm32f4xx_hal_spi.o
LOAD ./system/src/newlib/_cxx.o
LOAD ./system/src/newlib/_exit.o
LOAD ./system/src/newlib/_sbrk.o
LOAD ./system/src/newlib/_startup.o
LOAD ./system/src/newlib/_syscalls.o
LOAD ./system/src/newlib/assert.o
LOAD ./system/src/diag/Trace.o
LOAD ./system/src/diag/trace_impl.o
LOAD ./system/src/cortexm/_initialize_hardware.o
LOAD ./system/src/cortexm/_reset_hardware.o
LOAD ./system/src/cortexm/exception_handlers.o
LOAD ./system/src/cmsis/system_stm32f4xx.o
LOAD ./system/src/cmsis/vectors_stm32f407xx.o
LOAD ./src/Adafruit_ILI9341.o
LOAD ./src/Timer.o
LOAD ./src/_initialize_hardware.o
LOAD ./src/_write.o
LOAD ./src/main.o
LOAD ./src/stm32f4xx_hal_msp.o
LOAD /home/andrew/Workspace/Software&Toolchain/gcc-arm-none-eabi-7-2018-q2-update/bin/../lib/gcc/arm-none-eabi/7.3.1/../../../../arm-none-eabi/lib/thumb/v7e-m/libstdc++_nano.a
LOAD /home/andrew/Workspace/Software&Toolchain/gcc-arm-none-eabi-7-2018-q2-update/bin/../lib/gcc/arm-none-eabi/7.3.1/../../../../arm-none-eabi/lib/thumb/v7e-m/libm.a
START GROUP
LOAD /home/andrew/Workspace/Software&Toolchain/gcc-arm-none-eabi-7-2018-q2-update/bin/../lib/gcc/arm-none-eabi/7.3.1/thumb/v7e-m/libgcc.a
LOAD /home/andrew/Workspace/Software&Toolchain/gcc-arm-none-eabi-7-2018-q2-update/bin/../lib/gcc/arm-none-eabi/7.3.1/../../../../arm-none-eabi/lib/thumb/v7e-m/libg_nano.a
LOAD /home/andrew/Workspace/Software&Toolchain/gcc-arm-none-eabi-7-2018-q2-update/bin/../lib/gcc/arm-none-eabi/7.3.1/../../../../arm-none-eabi/lib/thumb/v7e-m/libc_nano.a
END GROUP
START GROUP
LOAD /home/andrew/Workspace/Software&Toolchain/gcc-arm-none-eabi-7-2018-q2-update/bin/../lib/gcc/arm-none-eabi/7.3.1/thumb/v7e-m/libgcc.a
LOAD /home/andrew/Workspace/Software&Toolchain/gcc-arm-none-eabi-7-2018-q2-update/bin/../lib/gcc/arm-none-eabi/7.3.1/../../../../arm-none-eabi/lib/thumb/v7e-m/libc_nano.a
END GROUP
                0x0000000020020000                __stack = (ORIGIN (RAM) + LENGTH (RAM))
                0x0000000020020000                _estack = __stack
                0x0000000000000400                __Main_Stack_Size = 0x400
                [!provide]                        PROVIDE (_Main_Stack_Size = __Main_Stack_Size)
                0x000000002001fc00                __Main_Stack_Limit = (__stack - __Main_Stack_Size)
                [!provide]                        PROVIDE (_Main_Stack_Limit = __Main_Stack_Limit)
                0x0000000000000100                _Minimum_Stack_Size = 0x100
                0x000000002000017c                PROVIDE (_Heap_Begin = _end_noinit)
                0x000000002001fc00                PROVIDE (_Heap_Limit = (__stack - __Main_Stack_Size))

.isr_vector     0x0000000008000000      0x3e8
 FILL mask 0xff
                0x0000000008000000                __vectors_start = ABSOLUTE (.)
                0x0000000008000000                __vectors_start__ = ABSOLUTE (.)
 *(.isr_vector)
 .isr_vector    0x0000000008000000      0x188 ./system/src/cmsis/vectors_stm32f407xx.o
                0x0000000008000000                __isr_vectors
 *(.cfmconfig)
 *(.after_vectors .after_vectors.*)
 .after_vectors
                0x0000000008000188      0x130 ./system/src/newlib/_startup.o
                0x0000000008000188                _start
 .after_vectors
                0x00000000080002b8      0x12c ./system/src/cortexm/exception_handlers.o
                0x00000000080002b8                Reset_Handler
                0x00000000080002be                NMI_Handler
                0x00000000080002c2                HardFault_Handler
                0x00000000080002d6                HardFault_Handler_C
                0x0000000008000334                MemManage_Handler
                0x0000000008000338                BusFault_Handler
                0x000000000800034c                BusFault_Handler_C
                0x0000000008000380                UsageFault_Handler
                0x0000000008000394                UsageFault_Handler_C
                0x00000000080003c8                SVC_Handler
                0x00000000080003cc                DebugMon_Handler
                0x00000000080003d0                PendSV_Handler
 .after_vectors
                0x00000000080003e4        0x4 ./system/src/cmsis/vectors_stm32f407xx.o
                0x00000000080003e4                RTC_Alarm_IRQHandler
                0x00000000080003e4                HASH_RNG_IRQHandler
                0x00000000080003e4                EXTI2_IRQHandler
                0x00000000080003e4                TIM8_CC_IRQHandler
                0x00000000080003e4                TIM1_CC_IRQHandler
                0x00000000080003e4                DMA2_Stream5_IRQHandler
                0x00000000080003e4                DMA1_Stream5_IRQHandler
                0x00000000080003e4                PVD_IRQHandler
                0x00000000080003e4                SDIO_IRQHandler
                0x00000000080003e4                TAMP_STAMP_IRQHandler
                0x00000000080003e4                CAN2_RX1_IRQHandler
                0x00000000080003e4                EXTI3_IRQHandler
                0x00000000080003e4                TIM8_TRG_COM_TIM14_IRQHandler
                0x00000000080003e4                TIM1_UP_TIM10_IRQHandler
                0x00000000080003e4                TIM8_UP_TIM13_IRQHandler
                0x00000000080003e4                I2C3_ER_IRQHandler
                0x00000000080003e4                EXTI0_IRQHandler
                0x00000000080003e4                I2C2_EV_IRQHandler
                0x00000000080003e4                DMA1_Stream2_IRQHandler
                0x00000000080003e4                CAN1_RX0_IRQHandler
                0x00000000080003e4                FPU_IRQHandler
                0x00000000080003e4                OTG_HS_WKUP_IRQHandler
                0x00000000080003e4                CAN2_SCE_IRQHandler
                0x00000000080003e4                DMA2_Stream2_IRQHandler
                0x00000000080003e4                SPI1_IRQHandler
                0x00000000080003e4                TIM6_DAC_IRQHandler
                0x00000000080003e4                TIM1_BRK_TIM9_IRQHandler
                0x00000000080003e4                DCMI_IRQHandler
                0x00000000080003e4                CAN2_RX0_IRQHandler
                0x00000000080003e4                DMA2_Stream3_IRQHandler
                0x00000000080003e4                USART6_IRQHandler
                0x00000000080003e4                USART3_IRQHandler
                0x00000000080003e4                CAN1_RX1_IRQHandler
                0x00000000080003e4                UART5_IRQHandler
                0x00000000080003e4                DMA2_Stream0_IRQHandler
                0x00000000080003e4                TIM4_IRQHandler
                0x00000000080003e4                I2C1_EV_IRQHandler
                0x00000000080003e4                DMA1_Stream6_IRQHandler
                0x00000000080003e4                DMA1_Stream1_IRQHandler
                0x00000000080003e4                UART4_IRQHandler
                0x00000000080003e4                TIM3_IRQHandler
                0x00000000080003e4                RCC_IRQHandler
                0x00000000080003e4                TIM8_BRK_TIM12_IRQHandler
                0x00000000080003e4                Default_Handler
                0x00000000080003e4                EXTI15_10_IRQHandler
                0x00000000080003e4                ADC_IRQHandler
                0x00000000080003e4                DMA1_Stream7_IRQHandler
                0x00000000080003e4                TIM7_IRQHandler
                0x00000000080003e4                CAN2_TX_IRQHandler
                0x00000000080003e4                TIM5_IRQHandler
                0x00000000080003e4                DMA2_Stream7_IRQHandler
                0x00000000080003e4                I2C3_EV_IRQHandler
                0x00000000080003e4                EXTI9_5_IRQHandler
                0x00000000080003e4                RTC_WKUP_IRQHandler
                0x00000000080003e4                ETH_WKUP_IRQHandler
                0x00000000080003e4                SPI2_IRQHandler
                0x00000000080003e4                OTG_HS_EP1_IN_IRQHandler
                0x00000000080003e4                DMA1_Stream0_IRQHandler
                0x00000000080003e4                CAN1_TX_IRQHandler
                0x00000000080003e4                EXTI4_IRQHandler
                0x00000000080003e4                ETH_IRQHandler
                0x00000000080003e4                OTG_HS_EP1_OUT_IRQHandler
                0x00000000080003e4                WWDG_IRQHandler
                0x00000000080003e4                TIM2_IRQHandler
                0x00000000080003e4                OTG_FS_WKUP_IRQHandler
                0x00000000080003e4                TIM1_TRG_COM_TIM11_IRQHandler
                0x00000000080003e4                OTG_HS_IRQHandler
                0x00000000080003e4                EXTI1_IRQHandler
                0x00000000080003e4                USART2_IRQHandler
                0x00000000080003e4                I2C2_ER_IRQHandler
                0x00000000080003e4                DMA2_Stream1_IRQHandler
                0x00000000080003e4                CAN1_SCE_IRQHandler
                0x00000000080003e4                FLASH_IRQHandler
                0x00000000080003e4                DMA2_Stream4_IRQHandler
                0x00000000080003e4                USART1_IRQHandler
                0x00000000080003e4                OTG_FS_IRQHandler
                0x00000000080003e4                SPI3_IRQHandler
                0x00000000080003e4                DMA1_Stream4_IRQHandler
                0x00000000080003e4                I2C1_ER_IRQHandler
                0x00000000080003e4                FMC_IRQHandler
                0x00000000080003e4                DMA2_Stream6_IRQHandler
                0x00000000080003e4                DMA1_Stream3_IRQHandler

.inits          0x00000000080003e8       0x28
                0x00000000080003e8                __data_regions_array_start = .
                0x00000000080003e8        0x4 LONG 0x80029f8 LOADADDR (.data)
                0x00000000080003ec        0x4 LONG 0x20000000 ADDR (.data)
                0x00000000080003f0        0x4 LONG 0x20000078 (ADDR (.data) + SIZEOF (.data))
                0x00000000080003f4        0x4 LONG 0x80029f8 LOADADDR (.data_CCMRAM)
                0x00000000080003f8        0x4 LONG 0x10000000 ADDR (.data_CCMRAM)
                0x00000000080003fc        0x4 LONG 0x10000000 (ADDR (.data_CCMRAM) + SIZEOF (.data_CCMRAM))
                0x0000000008000400                __data_regions_array_end = .
                0x0000000008000400                __bss_regions_array_start = .
                0x0000000008000400        0x4 LONG 0x20000078 ADDR (.bss)
                0x0000000008000404        0x4 LONG 0x2000017c (ADDR (.bss) + SIZEOF (.bss))
                0x0000000008000408        0x4 LONG 0x10000000 ADDR (.bss_CCMRAM)
                0x000000000800040c        0x4 LONG 0x10000000 (ADDR (.bss_CCMRAM) + SIZEOF (.bss_CCMRAM))
                0x0000000008000410                __bss_regions_array_end = .
 *(.init)
 *(.fini)
                0x0000000008000410                . = ALIGN (0x4)
                0x0000000008000410                PROVIDE (__preinit_array_start = .)
 *(.preinit_array_sysinit .preinit_array_sysinit.*)
 *(.preinit_array_platform .preinit_array_platform.*)
 *(.preinit_array .preinit_array.*)
                0x0000000008000410                PROVIDE (__preinit_array_end = .)
                0x0000000008000410                . = ALIGN (0x4)
                0x0000000008000410                PROVIDE (__init_array_start = .)
 *(SORT_BY_NAME(.init_array.*))
 *(.init_array)
                0x0000000008000410                PROVIDE (__init_array_end = .)
                0x0000000008000410                . = ALIGN (0x4)
                0x0000000008000410                PROVIDE (__fini_array_start = .)
 *(SORT_BY_NAME(.fini_array.*))
 *(.fini_array)
                0x0000000008000410                PROVIDE (__fini_array_end = .)

.flashtext
 *(.flashtext .flashtext.*)

.text           0x0000000008000410     0x25e7
 *(.text .text.*)
 .text.HAL_InitTick
                0x0000000008000410       0x2c ./system/src/stm32f4-hal/stm32f4xx_hal.o
                0x0000000008000410                HAL_InitTick
 .text.HAL_Init
                0x000000000800043c       0x34 ./system/src/stm32f4-hal/stm32f4xx_hal.o
                0x000000000800043c                HAL_Init
 .text.HAL_IncTick
                0x0000000008000470       0x10 ./system/src/stm32f4-hal/stm32f4xx_hal.o
                0x0000000008000470                HAL_IncTick
 .text.HAL_GetTick
                0x0000000008000480        0xc ./system/src/stm32f4-hal/stm32f4xx_hal.o
                0x0000000008000480                HAL_GetTick
 .text.HAL_NVIC_SetPriorityGrouping
                0x000000000800048c       0x3c ./system/src/stm32f4-hal/stm32f4xx_hal_cortex.o
                0x000000000800048c                HAL_NVIC_SetPriorityGrouping
 .text.HAL_NVIC_SetPriority
                0x00000000080004c8       0x8c ./system/src/stm32f4-hal/stm32f4xx_hal_cortex.o
                0x00000000080004c8                HAL_NVIC_SetPriority
 .text.HAL_SYSTICK_Config
                0x0000000008000554       0x2c ./system/src/stm32f4-hal/stm32f4xx_hal_cortex.o
                0x0000000008000554                HAL_SYSTICK_Config
 .text.HAL_SYSTICK_CLKSourceConfig
                0x0000000008000580       0x3c ./system/src/stm32f4-hal/stm32f4xx_hal_cortex.o
                0x0000000008000580                HAL_SYSTICK_CLKSourceConfig
 .text.HAL_GPIO_Init
                0x00000000080005bc      0x304 ./system/src/stm32f4-hal/stm32f4xx_hal_gpio.o
                0x00000000080005bc                HAL_GPIO_Init
 .text.HAL_GPIO_WritePin
                0x00000000080008c0       0x38 ./system/src/stm32f4-hal/stm32f4xx_hal_gpio.o
                0x00000000080008c0                HAL_GPIO_WritePin
 .text.HAL_RCC_OscConfig
                0x00000000080008f8      0x43c ./system/src/stm32f4-hal/stm32f4xx_hal_rcc.o
                0x00000000080008f8                HAL_RCC_OscConfig
 .text.HAL_RCC_GetSysClockFreq
                0x0000000008000d34       0x94 ./system/src/stm32f4-hal/stm32f4xx_hal_rcc.o
                0x0000000008000d34                HAL_RCC_GetSysClockFreq
 .text.HAL_RCC_ClockConfig
                0x0000000008000dc8      0x258 ./system/src/stm32f4-hal/stm32f4xx_hal_rcc.o
                0x0000000008000dc8                HAL_RCC_ClockConfig
 .text.HAL_RCC_GetHCLKFreq
                0x0000000008001020        0xc ./system/src/stm32f4-hal/stm32f4xx_hal_rcc.o
                0x0000000008001020                HAL_RCC_GetHCLKFreq
 .text.SPI_WaitFlagStateUntilTimeout
                0x000000000800102c       0x96 ./system/src/stm32f4-hal/stm32f4xx_hal_spi.o
 .text.SPI_CheckFlag_BSY
                0x00000000080010c2       0x28 ./system/src/stm32f4-hal/stm32f4xx_hal_spi.o
 .text.HAL_SPI_MspInit
                0x00000000080010ea        0x2 ./system/src/stm32f4-hal/stm32f4xx_hal_spi.o
                0x00000000080010ea                HAL_SPI_MspInit
 .text.HAL_SPI_Init
                0x00000000080010ec      0x1d4 ./system/src/stm32f4-hal/stm32f4xx_hal_spi.o
                0x00000000080010ec                HAL_SPI_Init
 .text.HAL_SPI_Transmit
                0x00000000080012c0      0x1f8 ./system/src/stm32f4-hal/stm32f4xx_hal_spi.o
                0x00000000080012c0                HAL_SPI_Transmit
 .text._exit    0x00000000080014b8        0x2 ./system/src/newlib/_exit.o
                0x00000000080014b8                _exit
 *fill*         0x00000000080014ba        0x2 
 .text.abort    0x00000000080014bc       0x14 ./system/src/newlib/_exit.o
                0x00000000080014bc                abort
 .text._sbrk    0x00000000080014d0       0x44 ./system/src/newlib/_sbrk.o
                0x00000000080014d0                _sbrk
 .text.__initialize_args
                0x0000000008001514       0x10 ./system/src/newlib/_syscalls.o
                0x0000000008001514                __initialize_args
 .text.assert_failed
                0x0000000008001524       0x14 ./system/src/newlib/assert.o
                0x0000000008001524                assert_failed
 .text.trace_printf
                0x0000000008001538       0x30 ./system/src/diag/Trace.o
                0x0000000008001538                trace_printf
 .text.trace_puts
                0x0000000008001568       0x20 ./system/src/diag/Trace.o
                0x0000000008001568                trace_puts
 .text._trace_write_semihosting_debug
                0x0000000008001588       0x60 ./system/src/diag/trace_impl.o
 .text.trace_write
                0x00000000080015e8        0x8 ./system/src/diag/trace_impl.o
                0x00000000080015e8                trace_write
 .text.__initialize_hardware_early
                0x00000000080015f0       0x18 ./system/src/cortexm/_initialize_hardware.o
                0x00000000080015f0                __initialize_hardware_early
 .text.dumpExceptionStack
                0x0000000008001608       0xf4 ./system/src/cortexm/exception_handlers.o
                0x0000000008001608                dumpExceptionStack
 .text.isSemihosting
                0x00000000080016fc       0x20 ./system/src/cortexm/exception_handlers.o
                0x00000000080016fc                isSemihosting
 .text.SystemInit
                0x000000000800171c       0x40 ./system/src/cmsis/system_stm32f4xx.o
                0x000000000800171c                SystemInit
 .text.SystemCoreClockUpdate
                0x000000000800175c       0xa0 ./system/src/cmsis/system_stm32f4xx.o
                0x000000000800175c                SystemCoreClockUpdate
 .text.startWrite
                0x00000000080017fc       0x14 ./src/Adafruit_ILI9341.o
                0x00000000080017fc                startWrite
 .text.endWrite
                0x0000000008001810       0x14 ./src/Adafruit_ILI9341.o
                0x0000000008001810                endWrite
 .text.spiWrite
                0x0000000008001824       0x20 ./src/Adafruit_ILI9341.o
                0x0000000008001824                spiWrite
 .text.writeCommand
                0x0000000008001844       0x28 ./src/Adafruit_ILI9341.o
                0x0000000008001844                writeCommand
 .text.spiWrite16
                0x000000000800186c       0x28 ./src/Adafruit_ILI9341.o
                0x000000000800186c                spiWrite16
 .text.begin    0x0000000008001894      0x340 ./src/Adafruit_ILI9341.o
                0x0000000008001894                begin
 .text.writePixel
                0x0000000008001bd4        0x8 ./src/Adafruit_ILI9341.o
                0x0000000008001bd4                writePixel
 .text.writeColor
                0x0000000008001bdc       0x18 ./src/Adafruit_ILI9341.o
                0x0000000008001bdc                writeColor
 .text.spiWrite32
                0x0000000008001bf4       0x34 ./src/Adafruit_ILI9341.o
                0x0000000008001bf4                spiWrite32
 .text.setAddrWindow
                0x0000000008001c28       0x32 ./src/Adafruit_ILI9341.o
                0x0000000008001c28                setAddrWindow
 *fill*         0x0000000008001c5a        0x2 
 .text.writeFillRect
                0x0000000008001c5c       0x80 ./src/Adafruit_ILI9341.o
                0x0000000008001c5c                writeFillRect
 .text.timer_start
                0x0000000008001cdc       0x3c ./src/Timer.o
                0x0000000008001cdc                timer_start
 .text.timer_sleep
                0x0000000008001d18       0x14 ./src/Timer.o
                0x0000000008001d18                timer_sleep
 .text.SysTick_Handler
                0x0000000008001d2c       0x1c ./src/Timer.o
                0x0000000008001d2c                SysTick_Handler
 .text.SystemClock_Config
                0x0000000008001d48       0x9c ./src/_initialize_hardware.o
                0x0000000008001d48                SystemClock_Config
 .text.__initialize_hardware
                0x0000000008001de4       0x10 ./src/_initialize_hardware.o
                0x0000000008001de4                __initialize_hardware
 .text.main     0x0000000008001df4       0x56 ./src/main.o
                0x0000000008001df4                main
 .text.HAL_MspInit
                0x0000000008001e4a        0x2 ./src/stm32f4xx_hal_msp.o
                0x0000000008001e4a                HAL_MspInit
 .text.__errno  0x0000000008001e4c        0xc /home/andrew/Workspace/Software&Toolchain/gcc-arm-none-eabi-7-2018-q2-update/bin/../lib/gcc/arm-none-eabi/7.3.1/../../../../arm-none-eabi/lib/thumb/v7e-m/libg_nano.a(lib_a-errno.o)
                0x0000000008001e4c                __errno
 .text.memset   0x0000000008001e58       0x10 /home/andrew/Workspace/Software&Toolchain/gcc-arm-none-eabi-7-2018-q2-update/bin/../lib/gcc/arm-none-eabi/7.3.1/../../../../arm-none-eabi/lib/thumb/v7e-m/libg_nano.a(lib_a-memset.o)
                0x0000000008001e58                memset
 .text          0x0000000008001e68       0x10 /home/andrew/Workspace/Software&Toolchain/gcc-arm-none-eabi-7-2018-q2-update/bin/../lib/gcc/arm-none-eabi/7.3.1/../../../../arm-none-eabi/lib/thumb/v7e-m/libg_nano.a(lib_a-strlen.o)
                0x0000000008001e68                strlen
 .text._vsnprintf_r
                0x0000000008001e78       0x58 /home/andrew/Workspace/Software&Toolchain/gcc-arm-none-eabi-7-2018-q2-update/bin/../lib/gcc/arm-none-eabi/7.3.1/../../../../arm-none-eabi/lib/thumb/v7e-m/libg_nano.a(lib_a-vsnprintf.o)
                0x0000000008001e78                _vsnprintf_r
                0x0000000008001e78                _vsniprintf_r
 .text.vsnprintf
                0x0000000008001ed0       0x1c /home/andrew/Workspace/Software&Toolchain/gcc-arm-none-eabi-7-2018-q2-update/bin/../lib/gcc/arm-none-eabi/7.3.1/../../../../arm-none-eabi/lib/thumb/v7e-m/libg_nano.a(lib_a-vsnprintf.o)
                0x0000000008001ed0                vsnprintf
                0x0000000008001ed0                vsniprintf
 .text.__ssputs_r
                0x0000000008001eec       0xb4 /home/andrew/Workspace/Software&Toolchain/gcc-arm-none-eabi-7-2018-q2-update/bin/../lib/gcc/arm-none-eabi/7.3.1/../../../../arm-none-eabi/lib/thumb/v7e-m/libg_nano.a(lib_a-nano-svfprintf.o)
                0x0000000008001eec                __ssputs_r
 .text._svfprintf_r
                0x0000000008001fa0      0x1f0 /home/andrew/Workspace/Software&Toolchain/gcc-arm-none-eabi-7-2018-q2-update/bin/../lib/gcc/arm-none-eabi/7.3.1/../../../../arm-none-eabi/lib/thumb/v7e-m/libg_nano.a(lib_a-nano-svfprintf.o)
                0x0000000008001fa0                _svfprintf_r
                0x0000000008001fa0                _svfiprintf_r
 .text._printf_common
                0x0000000008002190       0xea /home/andrew/Workspace/Software&Toolchain/gcc-arm-none-eabi-7-2018-q2-update/bin/../lib/gcc/arm-none-eabi/7.3.1/../../../../arm-none-eabi/lib/thumb/v7e-m/libg_nano.a(lib_a-nano-vfprintf_i.o)
                0x0000000008002190                _printf_common
 *fill*         0x000000000800227a        0x2 
 .text._printf_i
                0x000000000800227c      0x224 /home/andrew/Workspace/Software&Toolchain/gcc-arm-none-eabi-7-2018-q2-update/bin/../lib/gcc/arm-none-eabi/7.3.1/../../../../arm-none-eabi/lib/thumb/v7e-m/libg_nano.a(lib_a-nano-vfprintf_i.o)
                0x000000000800227c                _printf_i
 .text          0x00000000080024a0       0xa0 /home/andrew/Workspace/Software&Toolchain/gcc-arm-none-eabi-7-2018-q2-update/bin/../lib/gcc/arm-none-eabi/7.3.1/../../../../arm-none-eabi/lib/thumb/v7e-m/libg_nano.a(lib_a-memchr.o)
                0x00000000080024a0                memchr
 .text.memcpy   0x0000000008002540       0x16 /home/andrew/Workspace/Software&Toolchain/gcc-arm-none-eabi-7-2018-q2-update/bin/../lib/gcc/arm-none-eabi/7.3.1/../../../../arm-none-eabi/lib/thumb/v7e-m/libg_nano.a(lib_a-memcpy-stub.o)
                0x0000000008002540                memcpy
 .text.memmove  0x0000000008002556       0x32 /home/andrew/Workspace/Software&Toolchain/gcc-arm-none-eabi-7-2018-q2-update/bin/../lib/gcc/arm-none-eabi/7.3.1/../../../../arm-none-eabi/lib/thumb/v7e-m/libg_nano.a(lib_a-memmove.o)
                0x0000000008002556                memmove
 .text._free_r  0x0000000008002588       0x9c /home/andrew/Workspace/Software&Toolchain/gcc-arm-none-eabi-7-2018-q2-update/bin/../lib/gcc/arm-none-eabi/7.3.1/../../../../arm-none-eabi/lib/thumb/v7e-m/libg_nano.a(lib_a-nano-freer.o)
                0x0000000008002588                _free_r
 .text._malloc_r
                0x0000000008002624       0xb4 /home/andrew/Workspace/Software&Toolchain/gcc-arm-none-eabi-7-2018-q2-update/bin/../lib/gcc/arm-none-eabi/7.3.1/../../../../arm-none-eabi/lib/thumb/v7e-m/libg_nano.a(lib_a-nano-mallocr.o)
                0x0000000008002624                _malloc_r
 .text._realloc_r
                0x00000000080026d8       0x4c /home/andrew/Workspace/Software&Toolchain/gcc-arm-none-eabi-7-2018-q2-update/bin/../lib/gcc/arm-none-eabi/7.3.1/../../../../arm-none-eabi/lib/thumb/v7e-m/libg_nano.a(lib_a-nano-reallocr.o)
                0x00000000080026d8                _realloc_r
 .text._sbrk_r  0x0000000008002724       0x20 /home/andrew/Workspace/Software&Toolchain/gcc-arm-none-eabi-7-2018-q2-update/bin/../lib/gcc/arm-none-eabi/7.3.1/../../../../arm-none-eabi/lib/thumb/v7e-m/libg_nano.a(lib_a-sbrkr.o)
                0x0000000008002724                _sbrk_r
 .text.__malloc_lock
                0x0000000008002744        0x2 /home/andrew/Workspace/Software&Toolchain/gcc-arm-none-eabi-7-2018-q2-update/bin/../lib/gcc/arm-none-eabi/7.3.1/../../../../arm-none-eabi/lib/thumb/v7e-m/libg_nano.a(lib_a-mlock.o)
                0x0000000008002744                __malloc_lock
 .text.__malloc_unlock
                0x0000000008002746        0x2 /home/andrew/Workspace/Software&Toolchain/gcc-arm-none-eabi-7-2018-q2-update/bin/../lib/gcc/arm-none-eabi/7.3.1/../../../../arm-none-eabi/lib/thumb/v7e-m/libg_nano.a(lib_a-mlock.o)
                0x0000000008002746                __malloc_unlock
 .text._malloc_usable_size_r
                0x0000000008002748       0x10 /home/andrew/Workspace/Software&Toolchain/gcc-arm-none-eabi-7-2018-q2-update/bin/../lib/gcc/arm-none-eabi/7.3.1/../../../../arm-none-eabi/lib/thumb/v7e-m/libg_nano.a(lib_a-nano-msizer.o)
                0x0000000008002748                _malloc_usable_size_r
 *(.rodata .rodata.* .constdata .constdata.*)
 .rodata.HAL_NVIC_SetPriorityGrouping.str1.4
                0x0000000008002758       0x31 ./system/src/stm32f4-hal/stm32f4xx_hal_cortex.o
 *fill*         0x0000000008002789        0x3 
 .rodata.HAL_GPIO_Init.str1.4
                0x000000000800278c       0x2f ./system/src/stm32f4-hal/stm32f4xx_hal_gpio.o
 *fill*         0x00000000080027bb        0x1 
 .rodata.APBAHBPrescTable
                0x00000000080027bc       0x10 ./system/src/stm32f4-hal/stm32f4xx_hal_rcc.o
                0x00000000080027bc                APBAHBPrescTable
 .rodata.HAL_RCC_OscConfig.str1.4
                0x00000000080027cc       0x2e ./system/src/stm32f4-hal/stm32f4xx_hal_rcc.o
 *fill*         0x00000000080027fa        0x2 
 .rodata.HAL_SPI_Init.str1.4
                0x00000000080027fc       0x2e ./system/src/stm32f4-hal/stm32f4xx_hal_spi.o
 *fill*         0x000000000800282a        0x2 
 .rodata.abort.str1.4
                0x000000000800282c       0x14 ./system/src/newlib/_exit.o
 .rodata.assert_failed.str1.4
                0x0000000008002840       0x2b ./system/src/newlib/assert.o
 .rodata.trace_puts.str1.4
                0x000000000800286b       0x2b ./system/src/diag/Trace.o
                                          0x2 (size before relaxing)
 *fill*         0x000000000800286b        0x1 
 .rodata.dumpExceptionStack.str1.4
                0x000000000800286c      0x11a ./system/src/cortexm/exception_handlers.o
 *fill*         0x0000000008002986        0x2 
 .rodata.str1.4
                0x0000000008002988       0x2c ./system/src/cortexm/exception_handlers.o
                                         0x2a (size before relaxing)
 .rodata.AHBPrescTable
                0x00000000080029b4       0x10 ./system/src/cmsis/system_stm32f4xx.o
                0x00000000080029b4                AHBPrescTable
 .rodata._svfprintf_r.str1.1
                0x00000000080029c4       0x11 /home/andrew/Workspace/Software&Toolchain/gcc-arm-none-eabi-7-2018-q2-update/bin/../lib/gcc/arm-none-eabi/7.3.1/../../../../arm-none-eabi/lib/thumb/v7e-m/libg_nano.a(lib_a-nano-svfprintf.o)
 .rodata._printf_i.str1.1
                0x00000000080029d5       0x22 /home/andrew/Workspace/Software&Toolchain/gcc-arm-none-eabi-7-2018-q2-update/bin/../lib/gcc/arm-none-eabi/7.3.1/../../../../arm-none-eabi/lib/thumb/v7e-m/libg_nano.a(lib_a-nano-vfprintf_i.o)
 *(vtable)
 *(.eh_frame*)
 *(.glue_7)
 .glue_7        0x00000000080029f7        0x0 linker stubs
 *(.glue_7t)
 .glue_7t       0x00000000080029f7        0x0 linker stubs

.vfp11_veneer   0x00000000080029f8        0x0
 .vfp11_veneer  0x00000000080029f8        0x0 linker stubs

.v4_bx          0x00000000080029f8        0x0
 .v4_bx         0x00000000080029f8        0x0 linker stubs

.iplt           0x00000000080029f8        0x0
 .iplt          0x00000000080029f8        0x0 ./system/src/stm32f4-hal/stm32f4xx_hal.o

.rel.dyn        0x00000000080029f8        0x0
 .rel.iplt      0x00000000080029f8        0x0 ./system/src/stm32f4-hal/stm32f4xx_hal.o

.ARM.extab
 *(.ARM.extab* .gnu.linkonce.armextab.*)
                0x00000000080029f8                . = ALIGN (0x4)
                0x00000000080029f8                __exidx_start = .

.ARM.exidx
 *(.ARM.exidx* .gnu.linkonce.armexidx.*)
                0x00000000080029f8                __exidx_end = .
                0x00000000080029f8                . = ALIGN (0x4)
                0x00000000080029f8                _etext = .
                0x00000000080029f8                __etext = .

.data_CCMRAM    0x0000000010000000        0x0 load address 0x00000000080029f8
 FILL mask 0xff
 *(.data.CCMRAM .data.CCMRAM.*)
                0x0000000010000000                . = ALIGN (0x4)
                0x00000000080029f8                _sidata = LOADADDR (.data)

.data           0x0000000020000000       0x78 load address 0x00000000080029f8
 FILL mask 0xff
                0x0000000020000000                _sdata = .
                0x0000000020000000                __data_start__ = .
 *(.data_begin .data_begin.*)
 .data_begin    0x0000000020000000        0x4 ./system/src/newlib/_startup.o
 *(.data .data.*)
 .data.argv.4310
                0x0000000020000004        0x8 ./system/src/newlib/_syscalls.o
 .data.SystemCoreClock
                0x000000002000000c        0x4 ./system/src/cmsis/system_stm32f4xx.o
                0x000000002000000c                SystemCoreClock
 .data._impure_ptr
                0x0000000020000010        0x4 /home/andrew/Workspace/Software&Toolchain/gcc-arm-none-eabi-7-2018-q2-update/bin/../lib/gcc/arm-none-eabi/7.3.1/../../../../arm-none-eabi/lib/thumb/v7e-m/libg_nano.a(lib_a-impure.o)
                0x0000000020000010                _impure_ptr
 .data.impure_data
                0x0000000020000014       0x60 /home/andrew/Workspace/Software&Toolchain/gcc-arm-none-eabi-7-2018-q2-update/bin/../lib/gcc/arm-none-eabi/7.3.1/../../../../arm-none-eabi/lib/thumb/v7e-m/libg_nano.a(lib_a-impure.o)
 *(.data_end .data_end.*)
 .data_end      0x0000000020000074        0x4 ./system/src/newlib/_startup.o
                0x0000000020000078                . = ALIGN (0x4)
                0x0000000020000078                _edata = .
                0x0000000020000078                __data_end__ = .

.igot.plt       0x0000000020000078        0x0 load address 0x0000000008002a70
 .igot.plt      0x0000000020000078        0x0 ./system/src/stm32f4-hal/stm32f4xx_hal.o

.bss_CCMRAM     0x0000000010000000        0x0
 *(.bss.CCMRAM .bss.CCMRAM.*)

.bss            0x0000000020000078      0x104
                0x0000000020000078                __bss_start__ = .
                0x0000000020000078                _sbss = .
 *(.bss_begin .bss_begin.*)
 .bss_begin     0x0000000020000078        0x4 ./system/src/newlib/_startup.o
 *(.bss .bss.*)
 .bss.current_heap_end.3961
                0x000000002000007c        0x4 ./system/src/newlib/_sbrk.o
 .bss.name.4309
                0x0000000020000080        0x1 ./system/src/newlib/_syscalls.o
 *fill*         0x0000000020000081        0x3 
 .bss.buf.5205  0x0000000020000084       0x80 ./system/src/diag/Trace.o
 .bss._height   0x0000000020000104        0x4 ./src/Adafruit_ILI9341.o
 .bss._width    0x0000000020000108        0x4 ./src/Adafruit_ILI9341.o
 .bss.spi       0x000000002000010c       0x58 ./src/Adafruit_ILI9341.o
 .bss.ms_delayCount
                0x0000000020000164        0x4 ./src/Timer.o
 .bss.__malloc_free_list
                0x0000000020000168        0x4 /home/andrew/Workspace/Software&Toolchain/gcc-arm-none-eabi-7-2018-q2-update/bin/../lib/gcc/arm-none-eabi/7.3.1/../../../../arm-none-eabi/lib/thumb/v7e-m/libg_nano.a(lib_a-nano-mallocr.o)
                0x0000000020000168                __malloc_free_list
 .bss.__malloc_sbrk_start
                0x000000002000016c        0x4 /home/andrew/Workspace/Software&Toolchain/gcc-arm-none-eabi-7-2018-q2-update/bin/../lib/gcc/arm-none-eabi/7.3.1/../../../../arm-none-eabi/lib/thumb/v7e-m/libg_nano.a(lib_a-nano-mallocr.o)
                0x000000002000016c                __malloc_sbrk_start
 *(COMMON)
 COMMON         0x0000000020000170        0x4 ./system/src/stm32f4-hal/stm32f4xx_hal.o
                0x0000000020000170                uwTick
 COMMON         0x0000000020000174        0x4 ./system/src/newlib/_syscalls.o
                0x0000000020000174                errno
 *(.bss_end .bss_end.*)
 .bss_end       0x0000000020000178        0x4 ./system/src/newlib/_startup.o
                0x000000002000017c                . = ALIGN (0x4)
                0x000000002000017c                __bss_end__ = .
                0x000000002000017c                _ebss = .

.noinit_CCMRAM
 *(.noinit.CCMRAM .noinit.CCMRAM.*)

.noinit         0x000000002000017c        0x0
                0x000000002000017c                _noinit = .
 *(.noinit .noinit.*)
                0x000000002000017c                . = ALIGN (0x4)
                0x000000002000017c                _end_noinit = .
                [!provide]                        PROVIDE (end = _end_noinit)
                [!provide]                        PROVIDE (_end = _end_noinit)
                [!provide]                        PROVIDE (__end = _end_noinit)
                [!provide]                        PROVIDE (__end__ = _end_noinit)

._check_stack   0x000000002000017c      0x100
                0x000000002000027c                . = (. + _Minimum_Stack_Size)
 *fill*         0x000000002000017c      0x100 

.b1text
 *(.b1text)
 *(.b1rodata)
 *(.b1rodata.*)

.eb0text
 *(.eb0text)
 *(.eb0rodata)
 *(.eb0rodata.*)

.eb1text
 *(.eb1text)
 *(.eb1rodata)
 *(.eb1rodata.*)

.eb2text
 *(.eb2text)
 *(.eb2rodata)
 *(.eb2rodata.*)

.eb3text
 *(.eb3text)
 *(.eb3rodata)
 *(.eb3rodata.*)

.stab
 *(.stab)

.stabstr
 *(.stabstr)

.stab.excl
 *(.stab.excl)

.stab.exclstr
 *(.stab.exclstr)

.stab.index
 *(.stab.index)

.stab.indexstr
 *(.stab.indexstr)

.comment        0x0000000000000000       0x7f
 *(.comment)
 .comment       0x0000000000000000       0x7f ./system/src/stm32f4-hal/stm32f4xx_hal.o
                                         0x80 (size before relaxing)
 .comment       0x000000000000007f       0x80 ./system/src/stm32f4-hal/stm32f4xx_hal_cortex.o
 .comment       0x000000000000007f       0x80 ./system/src/stm32f4-hal/stm32f4xx_hal_gpio.o
 .comment       0x000000000000007f       0x80 ./system/src/stm32f4-hal/stm32f4xx_hal_rcc.o
 .comment       0x000000000000007f       0x80 ./system/src/stm32f4-hal/stm32f4xx_hal_spi.o
 .comment       0x000000000000007f       0x80 ./system/src/newlib/_exit.o
 .comment       0x000000000000007f       0x80 ./system/src/newlib/_sbrk.o
 .comment       0x000000000000007f       0x80 ./system/src/newlib/_startup.o
 .comment       0x000000000000007f       0x80 ./system/src/newlib/_syscalls.o
 .comment       0x000000000000007f       0x80 ./system/src/newlib/assert.o
 .comment       0x000000000000007f       0x80 ./system/src/diag/Trace.o
 .comment       0x000000000000007f       0x80 ./system/src/diag/trace_impl.o
 .comment       0x000000000000007f       0x80 ./system/src/cortexm/_initialize_hardware.o
 .comment       0x000000000000007f       0x80 ./system/src/cortexm/exception_handlers.o
 .comment       0x000000000000007f       0x80 ./system/src/cmsis/system_stm32f4xx.o
 .comment       0x000000000000007f       0x80 ./system/src/cmsis/vectors_stm32f407xx.o
 .comment       0x000000000000007f       0x80 ./src/Adafruit_ILI9341.o
 .comment       0x000000000000007f       0x80 ./src/Timer.o
 .comment       0x000000000000007f       0x80 ./src/_initialize_hardware.o
 .comment       0x000000000000007f       0x80 ./src/main.o
 .comment       0x000000000000007f       0x80 ./src/stm32f4xx_hal_msp.o

.ARM.attributes
                0x0000000000000000       0x31
 .ARM.attributes
                0x0000000000000000       0x33 ./system/src/stm32f4-hal/stm32f4xx_hal.o
 .ARM.attributes
                0x0000000000000033       0x33 ./system/src/stm32f4-hal/stm32f4xx_hal_cortex.o
 .ARM.attributes
                0x0000000000000066       0x33 ./system/src/stm32f4-hal/stm32f4xx_hal_gpio.o
 .ARM.attributes
                0x0000000000000099       0x33 ./system/src/stm32f4-hal/stm32f4xx_hal_rcc.o
 .ARM.attributes
                0x00000000000000cc       0x33 ./system/src/stm32f4-hal/stm32f4xx_hal_spi.o
 .ARM.attributes
                0x00000000000000ff       0x33 ./system/src/newlib/_exit.o
 .ARM.attributes
                0x0000000000000132       0x33 ./system/src/newlib/_sbrk.o
 .ARM.attributes
                0x0000000000000165       0x33 ./system/src/newlib/_startup.o
 .ARM.attributes
                0x0000000000000198       0x33 ./system/src/newlib/_syscalls.o
 .ARM.attributes
                0x00000000000001cb       0x33 ./system/src/newlib/assert.o
 .ARM.attributes
                0x00000000000001fe       0x33 ./system/src/diag/Trace.o
 .ARM.attributes
                0x0000000000000231       0x33 ./system/src/diag/trace_impl.o
 .ARM.attributes
                0x0000000000000264       0x33 ./system/src/cortexm/_initialize_hardware.o
 .ARM.attributes
                0x0000000000000297       0x33 ./system/src/cortexm/exception_handlers.o
 .ARM.attributes
                0x00000000000002ca       0x33 ./system/src/cmsis/system_stm32f4xx.o
 .ARM.attributes
                0x00000000000002fd       0x33 ./system/src/cmsis/vectors_stm32f407xx.o
 .ARM.attributes
                0x0000000000000330       0x33 ./src/Adafruit_ILI9341.o
 .ARM.attributes
                0x0000000000000363       0x33 ./src/Timer.o
 .ARM.attributes
                0x0000000000000396       0x33 ./src/_initialize_hardware.o
 .ARM.attributes
                0x00000000000003c9       0x33 ./src/main.o
 .ARM.attributes
                0x00000000000003fc       0x33 ./src/stm32f4xx_hal_msp.o
 .ARM.attributes
                0x000000000000042f       0x2e /home/andrew/Workspace/Software&Toolchain/gcc-arm-none-eabi-7-2018-q2-update/bin/../lib/gcc/arm-none-eabi/7.3.1/../../../../arm-none-eabi/lib/thumb/v7e-m/libg_nano.a(lib_a-errno.o)
 .ARM.attributes
                0x000000000000045d       0x2e /home/andrew/Workspace/Software&Toolchain/gcc-arm-none-eabi-7-2018-q2-update/bin/../lib/gcc/arm-none-eabi/7.3.1/../../../../arm-none-eabi/lib/thumb/v7e-m/libg_nano.a(lib_a-impure.o)
 .ARM.attributes
                0x000000000000048b       0x2e /home/andrew/Workspace/Software&Toolchain/gcc-arm-none-eabi-7-2018-q2-update/bin/../lib/gcc/arm-none-eabi/7.3.1/../../../../arm-none-eabi/lib/thumb/v7e-m/libg_nano.a(lib_a-memset.o)
 .ARM.attributes
                0x00000000000004b9       0x17 /home/andrew/Workspace/Software&Toolchain/gcc-arm-none-eabi-7-2018-q2-update/bin/../lib/gcc/arm-none-eabi/7.3.1/../../../../arm-none-eabi/lib/thumb/v7e-m/libg_nano.a(lib_a-strlen.o)
 .ARM.attributes
                0x00000000000004d0       0x2e /home/andrew/Workspace/Software&Toolchain/gcc-arm-none-eabi-7-2018-q2-update/bin/../lib/gcc/arm-none-eabi/7.3.1/../../../../arm-none-eabi/lib/thumb/v7e-m/libg_nano.a(lib_a-vsnprintf.o)
 .ARM.attributes
                0x00000000000004fe       0x2e /home/andrew/Workspace/Software&Toolchain/gcc-arm-none-eabi-7-2018-q2-update/bin/../lib/gcc/arm-none-eabi/7.3.1/../../../../arm-none-eabi/lib/thumb/v7e-m/libg_nano.a(lib_a-nano-svfprintf.o)
 .ARM.attributes
                0x000000000000052c       0x2e /home/andrew/Workspace/Software&Toolchain/gcc-arm-none-eabi-7-2018-q2-update/bin/../lib/gcc/arm-none-eabi/7.3.1/../../../../arm-none-eabi/lib/thumb/v7e-m/libg_nano.a(lib_a-nano-vfprintf_i.o)
 .ARM.attributes
                0x000000000000055a       0x1c /home/andrew/Workspace/Software&Toolchain/gcc-arm-none-eabi-7-2018-q2-update/bin/../lib/gcc/arm-none-eabi/7.3.1/../../../../arm-none-eabi/lib/thumb/v7e-m/libg_nano.a(lib_a-memchr.o)
 .ARM.attributes
                0x0000000000000576       0x2e /home/andrew/Workspace/Software&Toolchain/gcc-arm-none-eabi-7-2018-q2-update/bin/../lib/gcc/arm-none-eabi/7.3.1/../../../../arm-none-eabi/lib/thumb/v7e-m/libg_nano.a(lib_a-memcpy-stub.o)
 .ARM.attributes
                0x00000000000005a4       0x2e /home/andrew/Workspace/Software&Toolchain/gcc-arm-none-eabi-7-2018-q2-update/bin/../lib/gcc/arm-none-eabi/7.3.1/../../../../arm-none-eabi/lib/thumb/v7e-m/libg_nano.a(lib_a-memmove.o)
 .ARM.attributes
                0x00000000000005d2       0x2e /home/andrew/Workspace/Software&Toolchain/gcc-arm-none-eabi-7-2018-q2-update/bin/../lib/gcc/arm-none-eabi/7.3.1/../../../../arm-none-eabi/lib/thumb/v7e-m/libg_nano.a(lib_a-nano-freer.o)
 .ARM.attributes
                0x0000000000000600       0x2e /home/andrew/Workspace/Software&Toolchain/gcc-arm-none-eabi-7-2018-q2-update/bin/../lib/gcc/arm-none-eabi/7.3.1/../../../../arm-none-eabi/lib/thumb/v7e-m/libg_nano.a(lib_a-nano-mallocr.o)
 .ARM.attributes
                0x000000000000062e       0x2e /home/andrew/Workspace/Software&Toolchain/gcc-arm-none-eabi-7-2018-q2-update/bin/../lib/gcc/arm-none-eabi/7.3.1/../../../../arm-none-eabi/lib/thumb/v7e-m/libg_nano.a(lib_a-nano-reallocr.o)
 .ARM.attributes
                0x000000000000065c       0x2e /home/andrew/Workspace/Software&Toolchain/gcc-arm-none-eabi-7-2018-q2-update/bin/../lib/gcc/arm-none-eabi/7.3.1/../../../../arm-none-eabi/lib/thumb/v7e-m/libg_nano.a(lib_a-sbrkr.o)
 .ARM.attributes
                0x000000000000068a       0x2e /home/andrew/Workspace/Software&Toolchain/gcc-arm-none-eabi-7-2018-q2-update/bin/../lib/gcc/arm-none-eabi/7.3.1/../../../../arm-none-eabi/lib/thumb/v7e-m/libg_nano.a(lib_a-mlock.o)
 .ARM.attributes
                0x00000000000006b8       0x2e /home/andrew/Workspace/Software&Toolchain/gcc-arm-none-eabi-7-2018-q2-update/bin/../lib/gcc/arm-none-eabi/7.3.1/../../../../arm-none-eabi/lib/thumb/v7e-m/libg_nano.a(lib_a-nano-msizer.o)

.debug
 *(.debug)

.line
 *(.line)

.debug_srcinfo
 *(.debug_srcinfo)

.debug_sfnames
 *(.debug_sfnames)

.debug_aranges  0x0000000000000000      0x7d0
 *(.debug_aranges)
 .debug_aranges
                0x0000000000000000       0xc0 ./system/src/stm32f4-hal/stm32f4xx_hal.o
 .debug_aranges
                0x00000000000000c0       0x98 ./system/src/stm32f4-hal/stm32f4xx_hal_cortex.o
 .debug_aranges
                0x0000000000000158       0x58 ./system/src/stm32f4-hal/stm32f4xx_hal_gpio.o
 .debug_aranges
                0x00000000000001b0       0x88 ./system/src/stm32f4-hal/stm32f4xx_hal_rcc.o
 .debug_aranges
                0x0000000000000238      0x1a0 ./system/src/stm32f4-hal/stm32f4xx_hal_spi.o
 .debug_aranges
                0x00000000000003d8       0x28 ./system/src/newlib/_exit.o
 .debug_aranges
                0x0000000000000400       0x20 ./system/src/newlib/_sbrk.o
 .debug_aranges
                0x0000000000000420       0x40 ./system/src/newlib/_startup.o
 .debug_aranges
                0x0000000000000460       0x30 ./system/src/newlib/_syscalls.o
 .debug_aranges
                0x0000000000000490       0x28 ./system/src/newlib/assert.o
 .debug_aranges
                0x00000000000004b8       0x38 ./system/src/diag/Trace.o
 .debug_aranges
                0x00000000000004f0       0x30 ./system/src/diag/trace_impl.o
 .debug_aranges
                0x0000000000000520       0x28 ./system/src/cortexm/_initialize_hardware.o
 .debug_aranges
                0x0000000000000548       0x90 ./system/src/cortexm/exception_handlers.o
 .debug_aranges
                0x00000000000005d8       0x28 ./system/src/cmsis/system_stm32f4xx.o
 .debug_aranges
                0x0000000000000600       0x20 ./system/src/cmsis/vectors_stm32f407xx.o
 .debug_aranges
                0x0000000000000620      0x100 ./src/Adafruit_ILI9341.o
 .debug_aranges
                0x0000000000000720       0x30 ./src/Timer.o
 .debug_aranges
                0x0000000000000750       0x28 ./src/_initialize_hardware.o
 .debug_aranges
                0x0000000000000778       0x20 ./src/main.o
 .debug_aranges
                0x0000000000000798       0x38 ./src/stm32f4xx_hal_msp.o

.debug_pubnames
 *(.debug_pubnames)

.debug_info     0x0000000000000000    0x13634
 *(.debug_info .gnu.linkonce.wi.*)
 .debug_info    0x0000000000000000     0x10f0 ./system/src/stm32f4-hal/stm32f4xx_hal.o
 .debug_info    0x00000000000010f0     0x18f9 ./system/src/stm32f4-hal/stm32f4xx_hal_cortex.o
 .debug_info    0x00000000000029e9     0x108e ./system/src/stm32f4-hal/stm32f4xx_hal_gpio.o
 .debug_info    0x0000000000003a77     0x1754 ./system/src/stm32f4-hal/stm32f4xx_hal_rcc.o
 .debug_info    0x00000000000051cb     0x2377 ./system/src/stm32f4-hal/stm32f4xx_hal_spi.o
 .debug_info    0x0000000000007542      0x956 ./system/src/newlib/_exit.o
 .debug_info    0x0000000000007e98      0x942 ./system/src/newlib/_sbrk.o
 .debug_info    0x00000000000087da      0x4bf ./system/src/newlib/_startup.o
 .debug_info    0x0000000000008c99      0xa19 ./system/src/newlib/_syscalls.o
 .debug_info    0x00000000000096b2      0x9ff ./system/src/newlib/assert.o
 .debug_info    0x000000000000a0b1      0xb2a ./system/src/diag/Trace.o
 .debug_info    0x000000000000abdb      0xb6b ./system/src/diag/trace_impl.o
 .debug_info    0x000000000000b746      0xade ./system/src/cortexm/_initialize_hardware.o
 .debug_info    0x000000000000c224     0x115a ./system/src/cortexm/exception_handlers.o
 .debug_info    0x000000000000d37e      0xcd4 ./system/src/cmsis/system_stm32f4xx.o
 .debug_info    0x000000000000e052       0xca ./system/src/cmsis/vectors_stm32f407xx.o
 .debug_info    0x000000000000e11c     0x2582 ./src/Adafruit_ILI9341.o
 .debug_info    0x000000000001069e      0xf31 ./src/Timer.o
 .debug_info    0x00000000000115cf      0xd08 ./src/_initialize_hardware.o
 .debug_info    0x00000000000122d7      0xa4e ./src/main.o
 .debug_info    0x0000000000012d25      0x90f ./src/stm32f4xx_hal_msp.o

.debug_abbrev   0x0000000000000000     0x3347
 *(.debug_abbrev)
 .debug_abbrev  0x0000000000000000      0x32b ./system/src/stm32f4-hal/stm32f4xx_hal.o
 .debug_abbrev  0x000000000000032b      0x3f1 ./system/src/stm32f4-hal/stm32f4xx_hal_cortex.o
 .debug_abbrev  0x000000000000071c      0x2de ./system/src/stm32f4-hal/stm32f4xx_hal_gpio.o
 .debug_abbrev  0x00000000000009fa      0x394 ./system/src/stm32f4-hal/stm32f4xx_hal_rcc.o
 .debug_abbrev  0x0000000000000d8e      0x2f2 ./system/src/stm32f4-hal/stm32f4xx_hal_spi.o
 .debug_abbrev  0x0000000000001080      0x1f3 ./system/src/newlib/_exit.o
 .debug_abbrev  0x0000000000001273      0x1fc ./system/src/newlib/_sbrk.o
 .debug_abbrev  0x000000000000146f      0x1cb ./system/src/newlib/_startup.o
 .debug_abbrev  0x000000000000163a      0x234 ./system/src/newlib/_syscalls.o
 .debug_abbrev  0x000000000000186e      0x1f3 ./system/src/newlib/assert.o
 .debug_abbrev  0x0000000000001a61      0x276 ./system/src/diag/Trace.o
 .debug_abbrev  0x0000000000001cd7      0x2ef ./system/src/diag/trace_impl.o
 .debug_abbrev  0x0000000000001fc6      0x1de ./system/src/cortexm/_initialize_hardware.o
 .debug_abbrev  0x00000000000021a4      0x32b ./system/src/cortexm/exception_handlers.o
 .debug_abbrev  0x00000000000024cf      0x216 ./system/src/cmsis/system_stm32f4xx.o
 .debug_abbrev  0x00000000000026e5       0x9d ./system/src/cmsis/vectors_stm32f407xx.o
 .debug_abbrev  0x0000000000002782      0x345 ./src/Adafruit_ILI9341.o
 .debug_abbrev  0x0000000000002ac7      0x2ab ./src/Timer.o
 .debug_abbrev  0x0000000000002d72      0x22d ./src/_initialize_hardware.o
 .debug_abbrev  0x0000000000002f9f      0x1f7 ./src/main.o
 .debug_abbrev  0x0000000000003196      0x1b1 ./src/stm32f4xx_hal_msp.o

.debug_line     0x0000000000000000     0xcacd
 *(.debug_line)
 .debug_line    0x0000000000000000      0xc34 ./system/src/stm32f4-hal/stm32f4xx_hal.o
 .debug_line    0x0000000000000c34      0xd2b ./system/src/stm32f4-hal/stm32f4xx_hal_cortex.o
 .debug_line    0x000000000000195f      0xd53 ./system/src/stm32f4-hal/stm32f4xx_hal_gpio.o
 .debug_line    0x00000000000026b2      0xeb6 ./system/src/stm32f4-hal/stm32f4xx_hal_rcc.o
 .debug_line    0x0000000000003568     0x150d ./system/src/stm32f4-hal/stm32f4xx_hal_spi.o
 .debug_line    0x0000000000004a75      0x3ab ./system/src/newlib/_exit.o
 .debug_line    0x0000000000004e20      0x35f ./system/src/newlib/_sbrk.o
 .debug_line    0x000000000000517f      0x427 ./system/src/newlib/_startup.o
 .debug_line    0x00000000000055a6      0x48c ./system/src/newlib/_syscalls.o
 .debug_line    0x0000000000005a32      0x3e6 ./system/src/newlib/assert.o
 .debug_line    0x0000000000005e18      0x427 ./system/src/diag/Trace.o
 .debug_line    0x000000000000623f      0xb67 ./system/src/diag/trace_impl.o
 .debug_line    0x0000000000006da6      0xad0 ./system/src/cortexm/_initialize_hardware.o
 .debug_line    0x0000000000007876      0xc1e ./system/src/cortexm/exception_handlers.o
 .debug_line    0x0000000000008494      0xad6 ./system/src/cmsis/system_stm32f4xx.o
 .debug_line    0x0000000000008f6a      0x119 ./system/src/cmsis/vectors_stm32f407xx.o
 .debug_line    0x0000000000009083      0xe60 ./src/Adafruit_ILI9341.o
 .debug_line    0x0000000000009ee3      0xb17 ./src/Timer.o
 .debug_line    0x000000000000a9fa      0xac7 ./src/_initialize_hardware.o
 .debug_line    0x000000000000b4c1      0xb42 ./src/main.o
 .debug_line    0x000000000000c003      0xaca ./src/stm32f4xx_hal_msp.o

.debug_frame    0x0000000000000000     0x15c8
 *(.debug_frame)
 .debug_frame   0x0000000000000000      0x188 ./system/src/stm32f4-hal/stm32f4xx_hal.o
 .debug_frame   0x0000000000000188      0x17c ./system/src/stm32f4-hal/stm32f4xx_hal_cortex.o
 .debug_frame   0x0000000000000304       0xfc ./system/src/stm32f4-hal/stm32f4xx_hal_gpio.o
 .debug_frame   0x0000000000000400      0x140 ./system/src/stm32f4-hal/stm32f4xx_hal_rcc.o
 .debug_frame   0x0000000000000540      0x51c ./system/src/stm32f4-hal/stm32f4xx_hal_spi.o
 .debug_frame   0x0000000000000a5c       0x38 ./system/src/newlib/_exit.o
 .debug_frame   0x0000000000000a94       0x28 ./system/src/newlib/_sbrk.o
 .debug_frame   0x0000000000000abc       0x7c ./system/src/newlib/_startup.o
 .debug_frame   0x0000000000000b38       0x50 ./system/src/newlib/_syscalls.o
 .debug_frame   0x0000000000000b88       0x40 ./system/src/newlib/assert.o
 .debug_frame   0x0000000000000bc8       0x94 ./system/src/diag/Trace.o
 .debug_frame   0x0000000000000c5c       0x64 ./system/src/diag/trace_impl.o
 .debug_frame   0x0000000000000cc0       0x40 ./system/src/cortexm/_initialize_hardware.o
 .debug_frame   0x0000000000000d00      0x158 ./system/src/cortexm/exception_handlers.o
 .debug_frame   0x0000000000000e58       0x30 ./system/src/cmsis/system_stm32f4xx.o
 .debug_frame   0x0000000000000e88       0x20 ./system/src/cmsis/vectors_stm32f407xx.o
 .debug_frame   0x0000000000000ea8      0x330 ./src/Adafruit_ILI9341.o
 .debug_frame   0x00000000000011d8       0x48 ./src/Timer.o
 .debug_frame   0x0000000000001220       0x48 ./src/_initialize_hardware.o
 .debug_frame   0x0000000000001268       0x28 ./src/main.o
 .debug_frame   0x0000000000001290       0x50 ./src/stm32f4xx_hal_msp.o
 .debug_frame   0x00000000000012e0       0x20 /home/andrew/Workspace/Software&Toolchain/gcc-arm-none-eabi-7-2018-q2-update/bin/../lib/gcc/arm-none-eabi/7.3.1/../../../../arm-none-eabi/lib/thumb/v7e-m/libg_nano.a(lib_a-errno.o)
 .debug_frame   0x0000000000001300       0x20 /home/andrew/Workspace/Software&Toolchain/gcc-arm-none-eabi-7-2018-q2-update/bin/../lib/gcc/arm-none-eabi/7.3.1/../../../../arm-none-eabi/lib/thumb/v7e-m/libg_nano.a(lib_a-memset.o)
 .debug_frame   0x0000000000001320       0x4c /home/andrew/Workspace/Software&Toolchain/gcc-arm-none-eabi-7-2018-q2-update/bin/../lib/gcc/arm-none-eabi/7.3.1/../../../../arm-none-eabi/lib/thumb/v7e-m/libg_nano.a(lib_a-vsnprintf.o)
 .debug_frame   0x000000000000136c       0x90 /home/andrew/Workspace/Software&Toolchain/gcc-arm-none-eabi-7-2018-q2-update/bin/../lib/gcc/arm-none-eabi/7.3.1/../../../../arm-none-eabi/lib/thumb/v7e-m/libg_nano.a(lib_a-nano-svfprintf.o)
 .debug_frame   0x00000000000013fc       0x60 /home/andrew/Workspace/Software&Toolchain/gcc-arm-none-eabi-7-2018-q2-update/bin/../lib/gcc/arm-none-eabi/7.3.1/../../../../arm-none-eabi/lib/thumb/v7e-m/libg_nano.a(lib_a-nano-vfprintf_i.o)
 .debug_frame   0x000000000000145c       0x28 /home/andrew/Workspace/Software&Toolchain/gcc-arm-none-eabi-7-2018-q2-update/bin/../lib/gcc/arm-none-eabi/7.3.1/../../../../arm-none-eabi/lib/thumb/v7e-m/libg_nano.a(lib_a-memcpy-stub.o)
 .debug_frame   0x0000000000001484       0x28 /home/andrew/Workspace/Software&Toolchain/gcc-arm-none-eabi-7-2018-q2-update/bin/../lib/gcc/arm-none-eabi/7.3.1/../../../../arm-none-eabi/lib/thumb/v7e-m/libg_nano.a(lib_a-memmove.o)
 .debug_frame   0x00000000000014ac       0x38 /home/andrew/Workspace/Software&Toolchain/gcc-arm-none-eabi-7-2018-q2-update/bin/../lib/gcc/arm-none-eabi/7.3.1/../../../../arm-none-eabi/lib/thumb/v7e-m/libg_nano.a(lib_a-nano-freer.o)
 .debug_frame   0x00000000000014e4       0x2c /home/andrew/Workspace/Software&Toolchain/gcc-arm-none-eabi-7-2018-q2-update/bin/../lib/gcc/arm-none-eabi/7.3.1/../../../../arm-none-eabi/lib/thumb/v7e-m/libg_nano.a(lib_a-nano-mallocr.o)
 .debug_frame   0x0000000000001510       0x3c /home/andrew/Workspace/Software&Toolchain/gcc-arm-none-eabi-7-2018-q2-update/bin/../lib/gcc/arm-none-eabi/7.3.1/../../../../arm-none-eabi/lib/thumb/v7e-m/libg_nano.a(lib_a-nano-reallocr.o)
 .debug_frame   0x000000000000154c       0x2c /home/andrew/Workspace/Software&Toolchain/gcc-arm-none-eabi-7-2018-q2-update/bin/../lib/gcc/arm-none-eabi/7.3.1/../../../../arm-none-eabi/lib/thumb/v7e-m/libg_nano.a(lib_a-sbrkr.o)
 .debug_frame   0x0000000000001578       0x30 /home/andrew/Workspace/Software&Toolchain/gcc-arm-none-eabi-7-2018-q2-update/bin/../lib/gcc/arm-none-eabi/7.3.1/../../../../arm-none-eabi/lib/thumb/v7e-m/libg_nano.a(lib_a-mlock.o)
 .debug_frame   0x00000000000015a8       0x20 /home/andrew/Workspace/Software&Toolchain/gcc-arm-none-eabi-7-2018-q2-update/bin/../lib/gcc/arm-none-eabi/7.3.1/../../../../arm-none-eabi/lib/thumb/v7e-m/libg_nano.a(lib_a-nano-msizer.o)

.debug_str      0x0000000000000000    0x9c7d0
 *(.debug_str)
 .debug_str     0x0000000000000000    0x97b1c ./system/src/stm32f4-hal/stm32f4xx_hal.o
                                      0x97f57 (size before relaxing)
 .debug_str     0x0000000000097b1c      0x374 ./system/src/stm32f4-hal/stm32f4xx_hal_cortex.o
                                      0x97dd3 (size before relaxing)
 .debug_str     0x0000000000097e90      0x2dd ./system/src/stm32f4-hal/stm32f4xx_hal_gpio.o
                                      0x977e4 (size before relaxing)
 .debug_str     0x000000000009816d      0x393 ./system/src/stm32f4-hal/stm32f4xx_hal_rcc.o
                                      0x97972 (size before relaxing)
 .debug_str     0x0000000000098500      0x8b9 ./system/src/stm32f4-hal/stm32f4xx_hal_spi.o
                                      0x97d1c (size before relaxing)
 .debug_str     0x0000000000098db9     0x10fa ./system/src/newlib/_exit.o
                                       0x7dbf (size before relaxing)
 .debug_str     0x0000000000099eb3      0x4f5 ./system/src/newlib/_sbrk.o
                                       0x7171 (size before relaxing)
 .debug_str     0x000000000009a3a8      0x2c6 ./system/src/newlib/_startup.o
                                       0x6912 (size before relaxing)
 .debug_str     0x000000000009a66e      0xe8b ./system/src/newlib/_syscalls.o
                                       0x804c (size before relaxing)
 .debug_str     0x000000000009b4f9       0xd0 ./system/src/newlib/assert.o
                                       0x88c4 (size before relaxing)
 .debug_str     0x000000000009b5c9      0x176 ./system/src/diag/Trace.o
                                       0x8537 (size before relaxing)
 .debug_str     0x000000000009b73f      0x37b ./system/src/diag/trace_impl.o
                                      0x98701 (size before relaxing)
 .debug_str     0x000000000009baba       0x5e ./system/src/cortexm/_initialize_hardware.o
                                      0x97493 (size before relaxing)
 .debug_str     0x000000000009bb18      0x19d ./system/src/cortexm/exception_handlers.o
                                      0x9888b (size before relaxing)
 .debug_str     0x000000000009bcb5       0x46 ./system/src/cmsis/system_stm32f4xx.o
                                      0x97562 (size before relaxing)
 .debug_str     0x000000000009bcfb       0x59 ./system/src/cmsis/vectors_stm32f407xx.o
                                       0x3892 (size before relaxing)
 .debug_str     0x000000000009bd54      0x9ce ./src/Adafruit_ILI9341.o
                                      0x983d4 (size before relaxing)
 .debug_str     0x000000000009c722       0x32 ./src/Timer.o
                                      0x97a60 (size before relaxing)
 .debug_str     0x000000000009c754       0x31 ./src/_initialize_hardware.o
                                      0x97678 (size before relaxing)
 .debug_str     0x000000000009c785        0xe ./src/main.o
                                      0x98a90 (size before relaxing)
 .debug_str     0x000000000009c793       0x3d ./src/stm32f4xx_hal_msp.o
                                      0x973db (size before relaxing)

.debug_loc      0x0000000000000000     0x3f50
 *(.debug_loc)
 .debug_loc     0x0000000000000000       0x92 ./system/src/stm32f4-hal/stm32f4xx_hal.o
 .debug_loc     0x0000000000000092      0x73b ./system/src/stm32f4-hal/stm32f4xx_hal_cortex.o
 .debug_loc     0x00000000000007cd      0x5af ./system/src/stm32f4-hal/stm32f4xx_hal_gpio.o
 .debug_loc     0x0000000000000d7c      0x50a ./system/src/stm32f4-hal/stm32f4xx_hal_rcc.o
 .debug_loc     0x0000000000001286     0x16dc ./system/src/stm32f4-hal/stm32f4xx_hal_spi.o
 .debug_loc     0x0000000000002962       0x85 ./system/src/newlib/_sbrk.o
 .debug_loc     0x00000000000029e7      0x2cb ./system/src/newlib/_startup.o
 .debug_loc     0x0000000000002cb2       0x63 ./system/src/newlib/_syscalls.o
 .debug_loc     0x0000000000002d15      0x134 ./system/src/newlib/assert.o
 .debug_loc     0x0000000000002e49       0xf6 ./system/src/diag/Trace.o
 .debug_loc     0x0000000000002f3f      0x121 ./system/src/diag/trace_impl.o
 .debug_loc     0x0000000000003060      0x291 ./system/src/cortexm/exception_handlers.o
 .debug_loc     0x00000000000032f1      0x13e ./system/src/cmsis/system_stm32f4xx.o
 .debug_loc     0x000000000000342f      0xac8 ./src/Adafruit_ILI9341.o
 .debug_loc     0x0000000000003ef7       0x59 ./src/Timer.o

.debug_macinfo
 *(.debug_macinfo)

.debug_weaknames
 *(.debug_weaknames)

.debug_funcnames
 *(.debug_funcnames)

.debug_typenames
 *(.debug_typenames)

.debug_varnames
 *(.debug_varnames)
OUTPUT(camera_lcd_driver.elf elf32-littlearm)

.debug_ranges   0x0000000000000000      0x770
 .debug_ranges  0x0000000000000000       0xb0 ./system/src/stm32f4-hal/stm32f4xx_hal.o
 .debug_ranges  0x00000000000000b0       0xe8 ./system/src/stm32f4-hal/stm32f4xx_hal_cortex.o
 .debug_ranges  0x0000000000000198       0x48 ./system/src/stm32f4-hal/stm32f4xx_hal_gpio.o
 .debug_ranges  0x00000000000001e0       0x78 ./system/src/stm32f4-hal/stm32f4xx_hal_rcc.o
 .debug_ranges  0x0000000000000258      0x190 ./system/src/stm32f4-hal/stm32f4xx_hal_spi.o
 .debug_ranges  0x00000000000003e8       0x18 ./system/src/newlib/_exit.o
 .debug_ranges  0x0000000000000400       0x10 ./system/src/newlib/_sbrk.o
 .debug_ranges  0x0000000000000410       0x90 ./system/src/newlib/_startup.o
 .debug_ranges  0x00000000000004a0       0x20 ./system/src/newlib/_syscalls.o
 .debug_ranges  0x00000000000004c0       0x18 ./system/src/newlib/assert.o
 .debug_ranges  0x00000000000004d8       0x28 ./system/src/diag/Trace.o
 .debug_ranges  0x0000000000000500       0x50 ./system/src/diag/trace_impl.o
 .debug_ranges  0x0000000000000550       0x18 ./system/src/cortexm/_initialize_hardware.o
 .debug_ranges  0x0000000000000568       0x80 ./system/src/cortexm/exception_handlers.o
 .debug_ranges  0x00000000000005e8       0x18 ./system/src/cmsis/system_stm32f4xx.o
 .debug_ranges  0x0000000000000600       0x10 ./system/src/cmsis/vectors_stm32f407xx.o
 .debug_ranges  0x0000000000000610       0xf0 ./src/Adafruit_ILI9341.o
 .debug_ranges  0x0000000000000700       0x20 ./src/Timer.o
 .debug_ranges  0x0000000000000720       0x18 ./src/_initialize_hardware.o
 .debug_ranges  0x0000000000000738       0x10 ./src/main.o
 .debug_ranges  0x0000000000000748       0x28 ./src/stm32f4xx_hal_msp.o

.debug_macro    0x0000000000000000    0x1d164
 .debug_macro   0x0000000000000000      0x558 ./system/src/stm32f4-hal/stm32f4xx_hal.o
 .debug_macro   0x0000000000000558      0xa6c ./system/src/stm32f4-hal/stm32f4xx_hal.o
 .debug_macro   0x0000000000000fc4      0x289 ./system/src/stm32f4-hal/stm32f4xx_hal.o
 .debug_macro   0x000000000000124d       0x31 ./system/src/stm32f4-hal/stm32f4xx_hal.o
 .debug_macro   0x000000000000127e       0x28 ./system/src/stm32f4-hal/stm32f4xx_hal.o
 .debug_macro   0x00000000000012a6      0x34e ./system/src/stm32f4-hal/stm32f4xx_hal.o
 .debug_macro   0x00000000000015f4       0x35 ./system/src/stm32f4-hal/stm32f4xx_hal.o
 .debug_macro   0x0000000000001629       0x50 ./system/src/stm32f4-hal/stm32f4xx_hal.o
 .debug_macro   0x0000000000001679      0xe66 ./system/src/stm32f4-hal/stm32f4xx_hal.o
 .debug_macro   0x00000000000024df     0x93f9 ./system/src/stm32f4-hal/stm32f4xx_hal.o
 .debug_macro   0x000000000000b8d8       0x43 ./system/src/stm32f4-hal/stm32f4xx_hal.o
 .debug_macro   0x000000000000b91b     0x347f ./system/src/stm32f4-hal/stm32f4xx_hal.o
 .debug_macro   0x000000000000ed9a       0x22 ./system/src/stm32f4-hal/stm32f4xx_hal.o
 .debug_macro   0x000000000000edbc       0x58 ./system/src/stm32f4-hal/stm32f4xx_hal.o
 .debug_macro   0x000000000000ee14       0x18 ./system/src/stm32f4-hal/stm32f4xx_hal.o
 .debug_macro   0x000000000000ee2c       0x94 ./system/src/stm32f4-hal/stm32f4xx_hal.o
 .debug_macro   0x000000000000eec0       0x35 ./system/src/stm32f4-hal/stm32f4xx_hal.o
 .debug_macro   0x000000000000eef5       0x34 ./system/src/stm32f4-hal/stm32f4xx_hal.o
 .debug_macro   0x000000000000ef29       0x16 ./system/src/stm32f4-hal/stm32f4xx_hal.o
 .debug_macro   0x000000000000ef3f       0x57 ./system/src/stm32f4-hal/stm32f4xx_hal.o
 .debug_macro   0x000000000000ef96       0x97 ./system/src/stm32f4-hal/stm32f4xx_hal.o
 .debug_macro   0x000000000000f02d      0x330 ./system/src/stm32f4-hal/stm32f4xx_hal.o
 .debug_macro   0x000000000000f35d       0xfd ./system/src/stm32f4-hal/stm32f4xx_hal.o
 .debug_macro   0x000000000000f45a       0x10 ./system/src/stm32f4-hal/stm32f4xx_hal.o
 .debug_macro   0x000000000000f46a       0x58 ./system/src/stm32f4-hal/stm32f4xx_hal.o
 .debug_macro   0x000000000000f4c2       0x1f ./system/src/stm32f4-hal/stm32f4xx_hal.o
 .debug_macro   0x000000000000f4e1       0x43 ./system/src/stm32f4-hal/stm32f4xx_hal.o
 .debug_macro   0x000000000000f524       0x20 ./system/src/stm32f4-hal/stm32f4xx_hal.o
 .debug_macro   0x000000000000f544      0x18e ./system/src/stm32f4-hal/stm32f4xx_hal.o
 .debug_macro   0x000000000000f6d2       0x10 ./system/src/stm32f4-hal/stm32f4xx_hal.o
 .debug_macro   0x000000000000f6e2       0x6a ./system/src/stm32f4-hal/stm32f4xx_hal.o
 .debug_macro   0x000000000000f74c       0x1c ./system/src/stm32f4-hal/stm32f4xx_hal.o
 .debug_macro   0x000000000000f768       0x52 ./system/src/stm32f4-hal/stm32f4xx_hal.o
 .debug_macro   0x000000000000f7ba       0x40 ./system/src/stm32f4-hal/stm32f4xx_hal.o
 .debug_macro   0x000000000000f7fa       0x10 ./system/src/stm32f4-hal/stm32f4xx_hal.o
 .debug_macro   0x000000000000f80a       0x40 ./system/src/stm32f4-hal/stm32f4xx_hal.o
 .debug_macro   0x000000000000f84a       0xd7 ./system/src/stm32f4-hal/stm32f4xx_hal.o
 .debug_macro   0x000000000000f921       0x1c ./system/src/stm32f4-hal/stm32f4xx_hal.o
 .debug_macro   0x000000000000f93d       0x3d ./system/src/stm32f4-hal/stm32f4xx_hal.o
 .debug_macro   0x000000000000f97a       0x16 ./system/src/stm32f4-hal/stm32f4xx_hal.o
 .debug_macro   0x000000000000f990      0x16f ./system/src/stm32f4-hal/stm32f4xx_hal.o
 .debug_macro   0x000000000000faff       0x57 ./system/src/stm32f4-hal/stm32f4xx_hal.o
 .debug_macro   0x000000000000fb56      0x964 ./system/src/stm32f4-hal/stm32f4xx_hal.o
 .debug_macro   0x00000000000104ba      0x9e1 ./system/src/stm32f4-hal/stm32f4xx_hal.o
 .debug_macro   0x0000000000010e9b      0x11e ./system/src/stm32f4-hal/stm32f4xx_hal.o
 .debug_macro   0x0000000000010fb9      0x13e ./system/src/stm32f4-hal/stm32f4xx_hal.o
 .debug_macro   0x00000000000110f7       0x27 ./system/src/stm32f4-hal/stm32f4xx_hal.o
 .debug_macro   0x000000000001111e      0x287 ./system/src/stm32f4-hal/stm32f4xx_hal.o
 .debug_macro   0x00000000000113a5       0x5f ./system/src/stm32f4-hal/stm32f4xx_hal.o
 .debug_macro   0x0000000000011404      0x23a ./system/src/stm32f4-hal/stm32f4xx_hal.o
 .debug_macro   0x000000000001163e      0x391 ./system/src/stm32f4-hal/stm32f4xx_hal.o
 .debug_macro   0x00000000000119cf      0x16f ./system/src/stm32f4-hal/stm32f4xx_hal.o
 .debug_macro   0x0000000000011b3e       0xf9 ./system/src/stm32f4-hal/stm32f4xx_hal.o
 .debug_macro   0x0000000000011c37      0x36e ./system/src/stm32f4-hal/stm32f4xx_hal.o
 .debug_macro   0x0000000000011fa5       0x23 ./system/src/stm32f4-hal/stm32f4xx_hal.o
 .debug_macro   0x0000000000011fc8       0xe6 ./system/src/stm32f4-hal/stm32f4xx_hal.o
 .debug_macro   0x00000000000120ae       0xa1 ./system/src/stm32f4-hal/stm32f4xx_hal.o
 .debug_macro   0x000000000001214f       0x3c ./system/src/stm32f4-hal/stm32f4xx_hal.o
 .debug_macro   0x000000000001218b       0x1f ./system/src/stm32f4-hal/stm32f4xx_hal.o
 .debug_macro   0x00000000000121aa      0x1cd ./system/src/stm32f4-hal/stm32f4xx_hal.o
 .debug_macro   0x0000000000012377      0xcd6 ./system/src/stm32f4-hal/stm32f4xx_hal.o
 .debug_macro   0x000000000001304d      0x13a ./system/src/stm32f4-hal/stm32f4xx_hal.o
 .debug_macro   0x0000000000013187      0x21e ./system/src/stm32f4-hal/stm32f4xx_hal.o
 .debug_macro   0x00000000000133a5       0x2e ./system/src/stm32f4-hal/stm32f4xx_hal.o
 .debug_macro   0x00000000000133d3      0x543 ./system/src/stm32f4-hal/stm32f4xx_hal.o
 .debug_macro   0x0000000000013916       0x88 ./system/src/stm32f4-hal/stm32f4xx_hal.o
 .debug_macro   0x000000000001399e       0xd5 ./system/src/stm32f4-hal/stm32f4xx_hal.o
 .debug_macro   0x0000000000013a73      0x183 ./system/src/stm32f4-hal/stm32f4xx_hal.o
 .debug_macro   0x0000000000013bf6      0x1a7 ./system/src/stm32f4-hal/stm32f4xx_hal.o
 .debug_macro   0x0000000000013d9d       0xa5 ./system/src/stm32f4-hal/stm32f4xx_hal.o
 .debug_macro   0x0000000000013e42      0x18b ./system/src/stm32f4-hal/stm32f4xx_hal.o
 .debug_macro   0x0000000000013fcd       0x24 ./system/src/stm32f4-hal/stm32f4xx_hal.o
 .debug_macro   0x0000000000013ff1       0x35 ./system/src/stm32f4-hal/stm32f4xx_hal.o
 .debug_macro   0x0000000000014026       0x79 ./system/src/stm32f4-hal/stm32f4xx_hal.o
 .debug_macro   0x000000000001409f      0x11e ./system/src/stm32f4-hal/stm32f4xx_hal.o
 .debug_macro   0x00000000000141bd       0x7f ./system/src/stm32f4-hal/stm32f4xx_hal.o
 .debug_macro   0x000000000001423c       0x89 ./system/src/stm32f4-hal/stm32f4xx_hal.o
 .debug_macro   0x00000000000142c5       0x7e ./system/src/stm32f4-hal/stm32f4xx_hal.o
 .debug_macro   0x0000000000014343      0x31a ./system/src/stm32f4-hal/stm32f4xx_hal.o
 .debug_macro   0x000000000001465d      0x409 ./system/src/stm32f4-hal/stm32f4xx_hal.o
 .debug_macro   0x0000000000014a66       0xe4 ./system/src/stm32f4-hal/stm32f4xx_hal.o
 .debug_macro   0x0000000000014b4a      0x48d ./system/src/stm32f4-hal/stm32f4xx_hal.o
 .debug_macro   0x0000000000014fd7      0x22b ./system/src/stm32f4-hal/stm32f4xx_hal.o
 .debug_macro   0x0000000000015202      0x202 ./system/src/stm32f4-hal/stm32f4xx_hal.o
 .debug_macro   0x0000000000015404      0x6d9 ./system/src/stm32f4-hal/stm32f4xx_hal.o
 .debug_macro   0x0000000000015add       0x5b ./system/src/stm32f4-hal/stm32f4xx_hal.o
 .debug_macro   0x0000000000015b38      0x14d ./system/src/stm32f4-hal/stm32f4xx_hal.o
 .debug_macro   0x0000000000015c85      0x287 ./system/src/stm32f4-hal/stm32f4xx_hal.o
 .debug_macro   0x0000000000015f0c      0x225 ./system/src/stm32f4-hal/stm32f4xx_hal.o
 .debug_macro   0x0000000000016131      0x1b5 ./system/src/stm32f4-hal/stm32f4xx_hal.o
 .debug_macro   0x00000000000162e6      0x2db ./system/src/stm32f4-hal/stm32f4xx_hal.o
 .debug_macro   0x00000000000165c1       0x89 ./system/src/stm32f4-hal/stm32f4xx_hal.o
 .debug_macro   0x000000000001664a      0x1df ./system/src/stm32f4-hal/stm32f4xx_hal.o
 .debug_macro   0x0000000000016829      0x115 ./system/src/stm32f4-hal/stm32f4xx_hal.o
 .debug_macro   0x000000000001693e       0x6e ./system/src/stm32f4-hal/stm32f4xx_hal.o
 .debug_macro   0x00000000000169ac      0x125 ./system/src/stm32f4-hal/stm32f4xx_hal.o
 .debug_macro   0x0000000000016ad1      0x50a ./system/src/stm32f4-hal/stm32f4xx_hal_cortex.o
 .debug_macro   0x0000000000016fdb      0x542 ./system/src/stm32f4-hal/stm32f4xx_hal_gpio.o
 .debug_macro   0x000000000001751d      0x534 ./system/src/stm32f4-hal/stm32f4xx_hal_rcc.o
 .debug_macro   0x0000000000017a51      0x512 ./system/src/stm32f4-hal/stm32f4xx_hal_spi.o
 .debug_macro   0x0000000000017f63      0x1b4 ./system/src/newlib/_exit.o
 .debug_macro   0x0000000000018117      0x10e ./system/src/newlib/_exit.o
 .debug_macro   0x0000000000018225       0x8d ./system/src/newlib/_exit.o
 .debug_macro   0x00000000000182b2       0x35 ./system/src/newlib/_exit.o
 .debug_macro   0x00000000000182e7      0x169 ./system/src/newlib/_sbrk.o
 .debug_macro   0x0000000000018450      0x174 ./system/src/newlib/_sbrk.o
 .debug_macro   0x00000000000185c4       0x10 ./system/src/newlib/_sbrk.o
 .debug_macro   0x00000000000185d4      0x23b ./system/src/newlib/_sbrk.o
 .debug_macro   0x000000000001880f      0x173 ./system/src/newlib/_startup.o
 .debug_macro   0x0000000000018982      0xa72 ./system/src/newlib/_startup.o
 .debug_macro   0x00000000000193f4      0x217 ./system/src/newlib/_syscalls.o
 .debug_macro   0x000000000001960b       0x1c ./system/src/newlib/_syscalls.o
 .debug_macro   0x0000000000019627       0x10 ./system/src/newlib/_syscalls.o
 .debug_macro   0x0000000000019637       0x10 ./system/src/newlib/_syscalls.o
 .debug_macro   0x0000000000019647       0x10 ./system/src/newlib/_syscalls.o
 .debug_macro   0x0000000000019657       0x35 ./system/src/newlib/_syscalls.o
 .debug_macro   0x000000000001968c      0x122 ./system/src/newlib/_syscalls.o
 .debug_macro   0x00000000000197ae       0x88 ./system/src/newlib/_syscalls.o
 .debug_macro   0x0000000000019836       0x2b ./system/src/newlib/_syscalls.o
 .debug_macro   0x0000000000019861      0x118 ./system/src/newlib/_syscalls.o
 .debug_macro   0x0000000000019979      0x189 ./system/src/newlib/_syscalls.o
 .debug_macro   0x0000000000019b02       0x16 ./system/src/newlib/_syscalls.o
 .debug_macro   0x0000000000019b18      0x1d0 ./system/src/newlib/assert.o
 .debug_macro   0x0000000000019ce8       0x1c ./system/src/newlib/assert.o
 .debug_macro   0x0000000000019d04      0x1fb ./system/src/diag/Trace.o
 .debug_macro   0x0000000000019eff       0x4c ./system/src/diag/Trace.o
 .debug_macro   0x0000000000019f4b       0x16 ./system/src/diag/Trace.o
 .debug_macro   0x0000000000019f61      0x550 ./system/src/diag/trace_impl.o
 .debug_macro   0x000000000001a4b1       0x22 ./system/src/diag/trace_impl.o
 .debug_macro   0x000000000001a4d3      0x514 ./system/src/cortexm/_initialize_hardware.o
 .debug_macro   0x000000000001a9e7      0x57d ./system/src/cortexm/exception_handlers.o
 .debug_macro   0x000000000001af64       0x3b ./system/src/cortexm/exception_handlers.o
 .debug_macro   0x000000000001af9f      0x510 ./system/src/cmsis/system_stm32f4xx.o
 .debug_macro   0x000000000001b4af       0x34 ./system/src/cmsis/vectors_stm32f407xx.o
 .debug_macro   0x000000000001b4e3      0x5bf ./src/Adafruit_ILI9341.o
 .debug_macro   0x000000000001baa2       0x22 ./src/Adafruit_ILI9341.o
 .debug_macro   0x000000000001bac4      0x1a9 ./src/Adafruit_ILI9341.o
 .debug_macro   0x000000000001bc6d      0x527 ./src/Timer.o
 .debug_macro   0x000000000001c194       0x10 ./src/Timer.o
 .debug_macro   0x000000000001c1a4      0x50a ./src/_initialize_hardware.o
 .debug_macro   0x000000000001c6ae      0x5ac ./src/main.o
 .debug_macro   0x000000000001cc5a      0x50a ./src/stm32f4xx_hal_msp.o
